<?php return array (
  0 => 'Symfony\\Bundle\\FrameworkBundle\\Controller\\AbstractController',
  1 => 'App\\Controller\\Admin\\DashboardController',
  2 => 'App\\Controller\\Admin\\DemandeOrganisateurCrudController',
  3 => 'App\\Controller\\Admin\\EventCrudController',
  4 => 'App\\Controller\\Admin\\UserCrudController',
  5 => 'App\\Controller\\CategorieController',
  6 => 'App\\Controller\\CreateEventController',
  7 => 'App\\Controller\\DemandeOrganisateurController',
  8 => 'App\\Controller\\EventController',
  9 => 'App\\Controller\\ImageUserController',
  10 => 'App\\Controller\\IndexController',
  11 => 'App\\Controller\\JeuController',
  12 => 'App\\Controller\\MapController',
  13 => 'App\\Controller\\OrganisateurApplicationController',
  14 => 'App\\Controller\\ProfilController',
  15 => 'App\\Controller\\RegistrationController',
  16 => 'App\\Controller\\SecurityController',
  17 => 'App\\Controller\\SousCategorieController',
  18 => 'App\\Controller\\VerificationController',
  19 => 'App\\Entity\\Categorie',
  20 => 'App\\Entity\\DemandeOrganisateur',
  21 => 'App\\Entity\\Event',
  22 => 'App\\Entity\\ImageUser',
  23 => 'App\\Entity\\Jeu',
  24 => 'App\\Entity\\Lieu',
  25 => 'App\\Entity\\SousCategorie',
  26 => 'App\\Entity\\User',
  27 => 'Doctrine\\Bundle\\DoctrineBundle\\Controller\\ProfilerController',
  28 => 'Doctrine\\ORM\\Cache\\Persister\\Entity\\AbstractEntityPersister',
  29 => 'Doctrine\\ORM\\Cache\\Persister\\Entity\\CachedEntityPersister',
  30 => 'Doctrine\\ORM\\Cache\\Persister\\Entity\\NonStrictReadWriteCachedEntityPersister',
  31 => 'Doctrine\\ORM\\Cache\\Persister\\Entity\\ReadOnlyCachedEntityPersister',
  32 => 'Doctrine\\ORM\\Cache\\Persister\\Entity\\ReadWriteCachedEntityPersister',
  33 => 'Doctrine\\ORM\\Persisters\\Entity\\AbstractEntityInheritancePersister',
  34 => 'Doctrine\\ORM\\Persisters\\Entity\\BasicEntityPersister',
  35 => 'Doctrine\\ORM\\Persisters\\Entity\\CachedPersisterContext',
  36 => 'Doctrine\\ORM\\Persisters\\Entity\\EntityPersister',
  37 => 'Doctrine\\ORM\\Persisters\\Entity\\JoinedSubclassPersister',
  38 => 'Doctrine\\ORM\\Persisters\\Entity\\SingleTablePersister',
  39 => 'EasyCorp\\Bundle\\EasyAdminBundle\\Contracts\\Controller\\CrudControllerInterface',
  40 => 'EasyCorp\\Bundle\\EasyAdminBundle\\Contracts\\Controller\\DashboardControllerInterface',
  41 => 'EasyCorp\\Bundle\\EasyAdminBundle\\Controller\\AbstractCrudController',
  42 => 'EasyCorp\\Bundle\\EasyAdminBundle\\Controller\\AbstractDashboardController',
  44 => 'Symfony\\Bundle\\FrameworkBundle\\Controller\\ControllerResolver',
  45 => 'Symfony\\Bundle\\FrameworkBundle\\Controller\\RedirectController',
  46 => 'Symfony\\Bundle\\FrameworkBundle\\Controller\\TemplateController',
  47 => 'Symfony\\Bundle\\WebProfilerBundle\\Controller\\ExceptionPanelController',
  48 => 'Symfony\\Bundle\\WebProfilerBundle\\Controller\\ProfilerController',
  49 => 'Symfony\\Bundle\\WebProfilerBundle\\Controller\\RouterController',
  50 => 'Symfony\\Component\\HttpKernel\\Controller\\ArgumentResolver',
  51 => 'Symfony\\Component\\HttpKernel\\Controller\\ArgumentResolverInterface',
  52 => 'Symfony\\Component\\HttpKernel\\Controller\\ArgumentResolver\\BackedEnumValueResolver',
  53 => 'Symfony\\Component\\HttpKernel\\Controller\\ArgumentResolver\\DateTimeValueResolver',
  54 => 'Symfony\\Component\\HttpKernel\\Controller\\ArgumentResolver\\DefaultValueResolver',
  55 => 'Symfony\\Component\\HttpKernel\\Controller\\ArgumentResolver\\NotTaggedControllerValueResolver',
  56 => 'Symfony\\Component\\HttpKernel\\Controller\\ArgumentResolver\\RequestAttributeValueResolver',
  57 => 'Symfony\\Component\\HttpKernel\\Controller\\ArgumentResolver\\RequestValueResolver',
  58 => 'Symfony\\Component\\HttpKernel\\Controller\\ArgumentResolver\\ServiceValueResolver',
  59 => 'Symfony\\Component\\HttpKernel\\Controller\\ArgumentResolver\\SessionValueResolver',
  60 => 'Symfony\\Component\\HttpKernel\\Controller\\ArgumentResolver\\TraceableValueResolver',
  61 => 'Symfony\\Component\\HttpKernel\\Controller\\ArgumentResolver\\UidValueResolver',
  62 => 'Symfony\\Component\\HttpKernel\\Controller\\ArgumentResolver\\VariadicValueResolver',
  63 => 'Symfony\\Component\\HttpKernel\\Controller\\ArgumentValueResolverInterface',
  64 => 'Symfony\\Component\\HttpKernel\\Controller\\ContainerControllerResolver',
  65 => 'Symfony\\Component\\HttpKernel\\Controller\\ControllerReference',
  66 => 'Symfony\\Component\\HttpKernel\\Controller\\ControllerResolver',
  67 => 'Symfony\\Component\\HttpKernel\\Controller\\ControllerResolverInterface',
  68 => 'Symfony\\Component\\HttpKernel\\Controller\\ErrorController',
  69 => 'Symfony\\Component\\HttpKernel\\Controller\\TraceableArgumentResolver',
  70 => 'Symfony\\Component\\HttpKernel\\Controller\\TraceableControllerResolver',
  71 => 'Symfony\\Component\\Security\\Http\\Controller\\UserValueResolver',
  72 => 'Vich\\UploaderBundle\\Entity\\File',
);