<?php return array (
  0 => 'Symfony\\Bundle\\FrameworkBundle\\Controller\\AbstractController',
  1 => 'App\\Controller\\CategorieController',
  2 => 'App\\Controller\\CreateEventController',
  3 => 'App\\Controller\\DashboardOrgaController',
  4 => 'App\\Controller\\DemandeOrganisateurController',
  5 => 'App\\Controller\\EventController',
  6 => 'App\\Controller\\ImageUserController',
  7 => 'App\\Controller\\IndexController',
  8 => 'App\\Controller\\JeuController',
  9 => 'App\\Controller\\MapController',
  10 => 'App\\Controller\\OrganisateurApplicationController',
  11 => 'App\\Controller\\ProfilController',
  12 => 'App\\Controller\\RegistrationController',
  13 => 'App\\Controller\\SecurityController',
  14 => 'App\\Controller\\SousCategorieController',
  15 => 'App\\Controller\\VerificationController',
  16 => 'App\\Entity\\Categorie',
  17 => 'App\\Entity\\DemandeOrganisateur',
  18 => 'App\\Entity\\Event',
  19 => 'App\\Entity\\ImageUser',
  20 => 'App\\Entity\\Jeu',
  21 => 'App\\Entity\\Lieu',
  22 => 'App\\Entity\\SousCategorie',
  23 => 'App\\Entity\\User',
  24 => 'Doctrine\\Bundle\\DoctrineBundle\\Controller\\ProfilerController',
  25 => 'Doctrine\\ORM\\Cache\\Persister\\Entity\\AbstractEntityPersister',
  26 => 'Doctrine\\ORM\\Cache\\Persister\\Entity\\CachedEntityPersister',
  27 => 'Doctrine\\ORM\\Cache\\Persister\\Entity\\NonStrictReadWriteCachedEntityPersister',
  28 => 'Doctrine\\ORM\\Cache\\Persister\\Entity\\ReadOnlyCachedEntityPersister',
  29 => 'Doctrine\\ORM\\Cache\\Persister\\Entity\\ReadWriteCachedEntityPersister',
  30 => 'Doctrine\\ORM\\Persisters\\Entity\\AbstractEntityInheritancePersister',
  31 => 'Doctrine\\ORM\\Persisters\\Entity\\BasicEntityPersister',
  32 => 'Doctrine\\ORM\\Persisters\\Entity\\CachedPersisterContext',
  33 => 'Doctrine\\ORM\\Persisters\\Entity\\EntityPersister',
  34 => 'Doctrine\\ORM\\Persisters\\Entity\\JoinedSubclassPersister',
  35 => 'Doctrine\\ORM\\Persisters\\Entity\\SingleTablePersister',
  37 => 'Symfony\\Bundle\\FrameworkBundle\\Controller\\ControllerResolver',
  38 => 'Symfony\\Bundle\\FrameworkBundle\\Controller\\RedirectController',
  39 => 'Symfony\\Bundle\\FrameworkBundle\\Controller\\TemplateController',
  40 => 'Symfony\\Bundle\\WebProfilerBundle\\Controller\\ExceptionPanelController',
  41 => 'Symfony\\Bundle\\WebProfilerBundle\\Controller\\ProfilerController',
  42 => 'Symfony\\Bundle\\WebProfilerBundle\\Controller\\RouterController',
  43 => 'Symfony\\Component\\HttpKernel\\Controller\\ArgumentResolver',
  44 => 'Symfony\\Component\\HttpKernel\\Controller\\ArgumentResolverInterface',
  45 => 'Symfony\\Component\\HttpKernel\\Controller\\ArgumentResolver\\BackedEnumValueResolver',
  46 => 'Symfony\\Component\\HttpKernel\\Controller\\ArgumentResolver\\DateTimeValueResolver',
  47 => 'Symfony\\Component\\HttpKernel\\Controller\\ArgumentResolver\\DefaultValueResolver',
  48 => 'Symfony\\Component\\HttpKernel\\Controller\\ArgumentResolver\\NotTaggedControllerValueResolver',
  49 => 'Symfony\\Component\\HttpKernel\\Controller\\ArgumentResolver\\RequestAttributeValueResolver',
  50 => 'Symfony\\Component\\HttpKernel\\Controller\\ArgumentResolver\\RequestValueResolver',
  51 => 'Symfony\\Component\\HttpKernel\\Controller\\ArgumentResolver\\ServiceValueResolver',
  52 => 'Symfony\\Component\\HttpKernel\\Controller\\ArgumentResolver\\SessionValueResolver',
  53 => 'Symfony\\Component\\HttpKernel\\Controller\\ArgumentResolver\\TraceableValueResolver',
  54 => 'Symfony\\Component\\HttpKernel\\Controller\\ArgumentResolver\\UidValueResolver',
  55 => 'Symfony\\Component\\HttpKernel\\Controller\\ArgumentResolver\\VariadicValueResolver',
  56 => 'Symfony\\Component\\HttpKernel\\Controller\\ArgumentValueResolverInterface',
  57 => 'Symfony\\Component\\HttpKernel\\Controller\\ContainerControllerResolver',
  58 => 'Symfony\\Component\\HttpKernel\\Controller\\ControllerReference',
  59 => 'Symfony\\Component\\HttpKernel\\Controller\\ControllerResolver',
  60 => 'Symfony\\Component\\HttpKernel\\Controller\\ControllerResolverInterface',
  61 => 'Symfony\\Component\\HttpKernel\\Controller\\ErrorController',
  62 => 'Symfony\\Component\\HttpKernel\\Controller\\TraceableArgumentResolver',
  63 => 'Symfony\\Component\\HttpKernel\\Controller\\TraceableControllerResolver',
  64 => 'Symfony\\Component\\Security\\Http\\Controller\\UserValueResolver',
);